// Jest Snapshot v1, https://goo.gl/fbAQLP

exports[`<Page /> renders correctly 1`] = `
<View
  style={
    {
      "alignItems": "center",
      "flex": 1,
      "justifyContent": "center",
      "padding": 24,
    }
  }
>
  <Text
    accessibilityRole="link"
    href="/workouts"
    onPress={[Function]}
    style={
      {
        "borderWidth": 0.5,
        "justifyContent": "center",
        "padding": 10,
      }
    }
  >
    <Text
      style={
        {
          "fontSize": 64,
          "fontWeight": "bold",
        }
      }
    >
      Pick
      <Text />
       workout
    </Text>
  </Text>
</View>
`;
